// Jest Snapshot v1, https://goo.gl/fbAQLP

exports[`MovieOverview component Render 1`] = `
Array [
  <div
    className="movie-rating"
  >
    <div
      className="movie-rating__score"
    >
      4.4
    </div>
    <p
      className="movie-rating__meta"
    >
      <span
        className="movie-rating__level"
      >
        Normal
      </span>
      <span
        className="movie-rating__count"
      >
        200
      </span>
    </p>
  </div>,
  <div
    className="movie-card__text"
  >
    <p>
      description
    </p>
    <p
      className="movie-card__director"
    >
      <strong>
        Director
      </strong>
    </p>
    <p
      className="movie-card__starring"
    >
      <strong>
        Star 1, Star 2, Star 3, Star 4, Star 5, Star 6, Star 7, Star 8
      </strong>
    </p>
  </div>,
]
`;
