// Jest Snapshot v1, https://goo.gl/fbAQLP

exports[`MovieInfo component Render 1`] = `null`;
