// Jest Snapshot v1, https://goo.gl/fbAQLP

exports[`MovieCatalog component Render 1`] = `
Array [
  <h2
    className="catalog__title visually-hidden"
  >
    Catalog
  </h2>,
  <ul
    className="catalog__genres-list"
  >
    <li
      className="catalog__genres-item catalog__genres-item--active"
    >
      <a
        className="catalog__genres-link"
        href="#"
      >
        All genres
      </a>
    </li>
    <li
      className="catalog__genres-item false"
    >
      <a
        className="catalog__genres-link"
        href="#"
      >
        Crime
      </a>
    </li>
    <li
      className="catalog__genres-item false"
    >
      <a
        className="catalog__genres-link"
        href="#"
      >
        Documentary
      </a>
    </li>
    <li
      className="catalog__genres-item false"
    >
      <a
        className="catalog__genres-link"
        href="#"
      >
        Comedies
      </a>
    </li>
    <li
      className="catalog__genres-item false"
    >
      <a
        className="catalog__genres-link"
        href="#"
      >
        Sci-Fi
      </a>
    </li>
    <li
      className="catalog__genres-item false"
    >
      <a
        className="catalog__genres-link"
        href="#"
      >
        Romance
      </a>
    </li>
    <li
      className="catalog__genres-item false"
    >
      <a
        className="catalog__genres-link"
        href="#"
      >
        Dramas
      </a>
    </li>
  </ul>,
]
`;
