// Jest Snapshot v1, https://goo.gl/fbAQLP

exports[`Copyright component Render 1`] = `
<div
  className="copyright"
>
  <p>
    Â© 2019 What to watch Ltd.
  </p>
</div>
`;
