// Jest Snapshot v1, https://goo.gl/fbAQLP

exports[`MovieHeader component Render 1`] = `
Array [
  <div
    className="movie-card__bg"
  >
    <img
      alt="Bohemian Rhapsody"
      src="https://htmlacademy-react-3.appspot.com/wtw/static/film/background/gangs_of_new_york.jpg"
    />
  </div>,
  <h1
    className="visually-hidden"
  >
    WTW
  </h1>,
]
`;
