// Jest Snapshot v1, https://goo.gl/fbAQLP

exports[`MovieSmallCard component Render 1`] = `
<article
  className="small-movie-card catalog__movies-card"
  onMouseEnter={[Function]}
  onMouseLeave={[Function]}
>
  <div
    className="small-movie-card__image"
  >
    <video
      height="175"
      loop={true}
      poster="img/bohemian-rhapsody.jpg"
      src="https://download.blender.org/durian/trailer/sintel_trailer-480p.mp4"
      width="280"
    />
  </div>
  <h3
    className="small-movie-card__title"
  >
    <a
      className="small-movie-card__link"
      href="/movies/1"
      onClick={[Function]}
    >
      Bohemian Rhapsody
    </a>
  </h3>
</article>
`;
