// Jest Snapshot v1, https://goo.gl/fbAQLP

exports[`MovieHeader component Render 1`] = `
Array [
  <div
    className="movie-card__bg"
  >
    <img
      alt="Fantastic Beasts: The Crimes of Grindelwald"
    />
  </div>,
  <h1
    className="visually-hidden"
  >
    WTW
  </h1>,
]
`;
