// Jest Snapshot v1, https://goo.gl/fbAQLP

exports[`MovieOverview component Render 1`] = `
<div
  className="movie-card__poster "
>
  <img
    alt="Bohemian Rhapsody poster"
    height="327"
    src="img/bohemian-rhapsody.jpg"
    width="218"
  />
</div>
`;
