// Jest Snapshot v1, https://goo.gl/fbAQLP

exports[`MovieDetails component Render 1`] = `
<div
  className="movie-card__text movie-card__row"
>
  <div
    className="movie-card__text-col"
  >
    <p
      className="movie-card__details-item"
    >
      <strong
        className="movie-card__details-name"
      >
        Director
      </strong>
      <span
        className="movie-card__details-value"
      >
        Director
      </span>
    </p>
    <p
      className="movie-card__details-item"
    >
      <strong
        className="movie-card__details-name"
      >
        Starring
      </strong>
      <span
        className="movie-card__details-value"
      >
        <span>
          Star 1
          <br />
        </span>
        <span>
          Star 2
          <br />
        </span>
        <span>
          Star 3
          <br />
        </span>
        <span>
          Star 4
          <br />
        </span>
        <span>
          Star 5
          <br />
        </span>
        <span>
          Star 6
          <br />
        </span>
        <span>
          Star 7
          <br />
        </span>
        <span>
          Star 8
          <br />
        </span>
      </span>
    </p>
  </div>
  <div
    className="movie-card__text-col"
  >
    <p
      className="movie-card__details-item"
    >
      <strong
        className="movie-card__details-name"
      >
        Run Time
      </strong>
      <span
        className="movie-card__details-value"
      >
        54m
      </span>
    </p>
    <p
      className="movie-card__details-item"
    >
      <strong
        className="movie-card__details-name"
      >
        Genre
      </strong>
      <span
        className="movie-card__details-value"
      >
        Crime
      </span>
    </p>
    <p
      className="movie-card__details-item"
    >
      <strong
        className="movie-card__details-name"
      >
        Released
      </strong>
      <span
        className="movie-card__details-value"
      >
        2011
      </span>
    </p>
  </div>
</div>
`;
