// Jest Snapshot v1, https://goo.gl/fbAQLP

exports[`VideoPlayer component Render 1`] = `
<video
  height="175"
  loop={true}
  muted={true}
  poster="img/fantastic-beasts-the-crimes-of-grindelwald.jpg"
  src="https://download.blender.org/durian/trailer/sintel_trailer-480p.mp4"
  width="280"
/>
`;
