// Jest Snapshot v1, https://goo.gl/fbAQLP

exports[`MoviePageDescription component Render 1`] = `
Array [
  <nav
    className="movie-nav movie-card__nav"
  >
    <ul
      className="movie-nav__list"
    >
      <li
        className="movie-nav__item  movie-nav__item--active"
      >
        <a
          className="movie-nav__link"
          href="#"
          onClick={[Function]}
        >
          Overview
        </a>
      </li>
      <li
        className="movie-nav__item  false"
      >
        <a
          className="movie-nav__link"
          href="#"
          onClick={[Function]}
        >
          Details
        </a>
      </li>
      <li
        className="movie-nav__item  false"
      >
        <a
          className="movie-nav__link"
          href="#"
          onClick={[Function]}
        >
          Reviews
        </a>
      </li>
    </ul>
  </nav>,
  <div
    className="movie-rating"
  >
    <div
      className="movie-rating__score"
    >
      4.4
    </div>
    <p
      className="movie-rating__meta"
    >
      <span
        className="movie-rating__level"
      >
        Normal
      </span>
      <span
        className="movie-rating__count"
      >
        200 ratings
      </span>
    </p>
  </div>,
  <div
    className="movie-card__text"
  >
    <p>
      description
    </p>
    <p
      className="movie-card__director"
    >
      <strong>
        Director: Director
      </strong>
    </p>
    <p
      className="movie-card__starring"
    >
      <strong>
        Starring: Star 1, Star 2, Star 3, Star 4, Star 5, Star 6, Star 7, Star 8
      </strong>
    </p>
  </div>,
]
`;

exports[`MoviePageDescription component Render with custom activePage 1`] = `
Array [
  <nav
    className="movie-nav movie-card__nav"
  >
    <ul
      className="movie-nav__list"
    >
      <li
        className="movie-nav__item  false"
      >
        <a
          className="movie-nav__link"
          href="#"
          onClick={[Function]}
        >
          Overview
        </a>
      </li>
      <li
        className="movie-nav__item  false"
      >
        <a
          className="movie-nav__link"
          href="#"
          onClick={[Function]}
        >
          Details
        </a>
      </li>
      <li
        className="movie-nav__item  movie-nav__item--active"
      >
        <a
          className="movie-nav__link"
          href="#"
          onClick={[Function]}
        >
          Reviews
        </a>
      </li>
    </ul>
  </nav>,
  <div
    className="movie-card__reviews movie-card__row"
  >
    <div
      className="movie-card__reviews-col"
    >
      <div
        className="review"
      >
        <blockquote
          className="review__quote"
        >
          <p
            className="review__text"
          >
            Discerning travellers and Wes Anderson fans will luxuriate in the glorious
              Mittel-European kitsch of one of the director's funniest and most exquisitely designed movies in
              years.
          </p>
          <footer
            className="review__details"
          >
            <cite
              className="review__author"
            >
              Kate Muir
            </cite>
            <time
              className="review__date"
              dateTime="2020-03-07"
            >
              March 7, 2020
            </time>
          </footer>
        </blockquote>
        <div
          className="review__rating"
        >
          8.8
        </div>
      </div>
      <div
        className="review"
      >
        <blockquote
          className="review__quote"
        >
          <p
            className="review__text"
          >
            Anderson's films are too precious for some, but for those of us willing to lose
              ourselves in them, they're a delight. "The Grand Budapest Hotel" is no different, except that he has added
              a hint of gravitas to the mix, improving the recipe.
          </p>
          <footer
            className="review__details"
          >
            <cite
              className="review__author"
            >
              Bill Goodykoontz
            </cite>
            <time
              className="review__date"
              dateTime="2020-03-07"
            >
              March 7, 2020
            </time>
          </footer>
        </blockquote>
        <div
          className="review__rating"
        >
          8.9
        </div>
      </div>
      <div
        className="review"
      >
        <blockquote
          className="review__quote"
        >
          <p
            className="review__text"
          >
            The mannered, madcap proceedings are often delightful, occasionally silly, and
              here and there, gruesome and/or heartbreaking.
          </p>
          <footer
            className="review__details"
          >
            <cite
              className="review__author"
            >
              Matthew Lickona
            </cite>
            <time
              className="review__date"
              dateTime="2020-03-07"
            >
              March 7, 2020
            </time>
          </footer>
        </blockquote>
        <div
          className="review__rating"
        >
          3.9
        </div>
      </div>
    </div>
    <div
      className="movie-card__reviews-col"
    >
      <div
        className="review"
      >
        <blockquote
          className="review__quote"
        >
          <p
            className="review__text"
          >
            I didn't find it amusing, and while I can appreciate the creativity, it's an
              hour and 40 minutes I wish I could take back.
          </p>
          <footer
            className="review__details"
          >
            <cite
              className="review__author"
            >
              Amanda Greever
            </cite>
            <time
              className="review__date"
              dateTime="2020-03-07"
            >
              March 7, 2020
            </time>
          </footer>
        </blockquote>
        <div
          className="review__rating"
        >
          5
        </div>
      </div>
      <div
        className="review"
      >
        <blockquote
          className="review__quote"
        >
          <p
            className="review__text"
          >
            It is certainly a magical and childlike way of storytelling, even if the content
              is a little more adult.
          </p>
          <footer
            className="review__details"
          >
            <cite
              className="review__author"
            >
              Paula Fleri-Soler
            </cite>
            <time
              className="review__date"
              dateTime="2020-03-07"
            >
              March 7, 2020
            </time>
          </footer>
        </blockquote>
        <div
          className="review__rating"
        >
          6.7
        </div>
      </div>
      <div
        className="review"
      >
        <blockquote
          className="review__quote"
        >
          <p
            className="review__text"
          >
            It is certainly a magical and childlike way of storytelling, even if the content
              is a little more adult.
          </p>
          <footer
            className="review__details"
          >
            <cite
              className="review__author"
            >
              Paula Fleri-Soler
            </cite>
            <time
              className="review__date"
              dateTime="2020-03-07"
            >
              March 7, 2020
            </time>
          </footer>
        </blockquote>
        <div
          className="review__rating"
        >
          8.9
        </div>
      </div>
    </div>
  </div>,
]
`;
